python : Traceback (most recent call last):
At line:1 char:1
+ python -m unittest -v tests/cookbook/test_disease_network_analysis.py 
...
+ ~~~~~~~~~~~~~~~~~~~~~~~~~~~~~~~~~~~~~~~~~~~~~~~~~~~~~~~~~~~~~~~~~~~~~
    + CategoryInfo          : NotSpecified: (Traceback (most recent call 
    last)::String) [], RemoteException
    + FullyQualifiedErrorId : NativeCommandError
 
  File "<frozen runpy>", line 198, in _run_module_as_main
  File "<frozen runpy>", line 88, in _run_code
  File "C:\Users\Mohd 
Kaif\AppData\Local\Programs\Python\Python311\Lib\unittest\__main__.py", 
line 18, in <module>
    main(module=None)
  File "C:\Users\Mohd 
Kaif\AppData\Local\Programs\Python\Python311\Lib\unittest\main.py", line 
101, in __init__
    self.parseArgs(argv)
  File "C:\Users\Mohd 
Kaif\AppData\Local\Programs\Python\Python311\Lib\unittest\main.py", line 
150, in parseArgs
    self.createTests()
  File "C:\Users\Mohd 
Kaif\AppData\Local\Programs\Python\Python311\Lib\unittest\main.py", line 
161, in createTests
    self.test = self.testLoader.loadTestsFromNames(self.testNames,
                ^^^^^^^^^^^^^^^^^^^^^^^^^^^^^^^^^^^^^^^^^^^^^^^^^^
  File "C:\Users\Mohd 
Kaif\AppData\Local\Programs\Python\Python311\Lib\unittest\loader.py", 
line 232, in loadTestsFromNames
    suites = [self.loadTestsFromName(name, module) for name in names]
             ^^^^^^^^^^^^^^^^^^^^^^^^^^^^^^^^^^^^^^^^^^^^^^^^^^^^^^^^
  File "C:\Users\Mohd 
Kaif\AppData\Local\Programs\Python\Python311\Lib\unittest\loader.py", 
line 232, in <listcomp>
    suites = [self.loadTestsFromName(name, module) for name in names]
              ^^^^^^^^^^^^^^^^^^^^^^^^^^^^^^^^^^^^
  File "C:\Users\Mohd 
Kaif\AppData\Local\Programs\Python\Python311\Lib\unittest\loader.py", 
line 162, in loadTestsFromName
    module = __import__(module_name)
             ^^^^^^^^^^^^^^^^^^^^^^^
  File "C:\Users\Mohd 
Kaif\semantica\tests\cookbook\test_disease_network_analysis.py", line 
13, in <module>
    from semantica.semantic_extract import NERExtractor, 
RelationExtractor, TripleExtractor, SemanticAnalyzer
  File "C:\Users\Mohd 
Kaif\semantica\semantica\semantic_extract\__init__.py", line 59, in 
<module>
    from .event_detector import (
  File "C:\Users\Mohd 
Kaif\semantica\semantica\semantic_extract\event_detector.py", line 88
    <<<<<<< HEAD
    ^^
SyntaxError: invalid syntax
